[16 0 0 0 0 0 0 0 0 0 0 0 0 0 0 0 0 0 0 0] testing remote store and retrieve
